Servant.Client.Internal.HttpClient
Servant.Client.Internal.HttpClient.Streaming
