Data.Vector.Generic.Base
Data.Vector.Internal.Check
